// Jest Snapshot v1, https://goo.gl/fbAQLP

exports[`<TimeLines/ > should display TimeLines 1`] = `
<div
  className="time__lines"
>
  <div
    className="time__line"
    key="0"
  />
  <div
    className="time__line"
    key="1"
  />
  <div
    className="time__line"
    key="2"
  />
  <div
    className="time__line"
    key="3"
  />
  <div
    className="time__line"
    key="4"
  />
  <div
    className="time__line"
    key="5"
  />
  <div
    className="time__line"
    key="6"
  />
  <div
    className="time__line"
    key="7"
  />
  <div
    className="time__line"
    key="8"
  />
  <div
    className="time__line"
    key="9"
  />
  <div
    className="time__line"
    key="10"
  />
  <div
    className="time__line"
    key="11"
  />
  <div
    className="time__line"
    key="12"
  />
  <div
    className="time__line"
    key="13"
  />
  <div
    className="time__line"
    key="14"
  />
  <div
    className="time__line"
    key="15"
  />
  <div
    className="time__line"
    key="16"
  />
  <div
    className="time__line"
    key="17"
  />
  <div
    className="time__line"
    key="18"
  />
  <div
    className="time__line"
    key="19"
  />
  <div
    className="time__line"
    key="20"
  />
  <div
    className="time__line"
    key="21"
  />
  <div
    className="time__line"
    key="22"
  />
  <div
    className="time__line"
    key="23"
  />
</div>
`;
