// Jest Snapshot v1, https://goo.gl/fbAQLP

exports[`Dialog component Dialog should display children elements 1`] = `
<div
  className="dialog"
>
  <div
    className="dialog__heading"
  >
    <h4
      className="dialog__title"
    />
    <button
      className="dialog__close-btn"
      onClick={[MockFunction]}
    >
      +
    </button>
  </div>
  <div
    className="dialog__content"
  />
</div>
`;
